b'Afrikaans' <===> Afrikaans
b'\xe1\x8a\xa0\xe1\x88\x9b\xe1\x88\xad\xe1\x8a\x9b' <===> 